286 actionable tasks: 4 executed, 282 up-to-date
